// Vitest Snapshot v1, https://vitest.dev/guide/snapshot.html

exports[`Eyebrow > matches the snapshot 1`] = `
<Text
  accessibilityRole="header"
  numberOfLines={1}
  style={
    [
      {
        "fontFamily": "PlusJakartaSans_600SemiBold",
        "fontSize": 11,
        "letterSpacing": 2,
      },
      {
        "color": "#1D5337",
      },
      undefined,
    ]
  }
>
  OUR KAUPAPA
</Text>
`;
